[aaradhyanetralaya.in/index.html]
[backblue.gif]
[fade.gif]
[index.html]
[aaradhyanetralaya.in/wp-content/uploads/2020/11/WhatsApp-Image-2020-10-07-at-12.22.41-AM.jpg]
[aaradhyanetralaya.in/feed/index.html]
[aaradhyanetralaya.in/comments/feed/index.html]
[aaradhyanetralaya.in/wp-content/cache/wpfc-minified/eu68mnaj/41mpw.js]
[aaradhyanetralaya.in/wp-json/index.html]
[aaradhyanetralaya.in/wp-json/wp/v2/pages/7.json]
[aaradhyanetralaya.in/xmlrpc0db0.php]
[aaradhyanetralaya.in/wp-json/oembed/1.0/embed402a.json]
[aaradhyanetralaya.in/wp-json/oembed/1.0/embedbc33]
[aaradhyanetralaya.in/wp-content/uploads/2019/12/cropped-logo-aaradhya-1-32x32.png]
[aaradhyanetralaya.in/wp-content/uploads/2019/12/cropped-logo-aaradhya-1-192x192.png]
[aaradhyanetralaya.in/wp-content/uploads/2019/12/cropped-logo-aaradhya-1-180x180.png]
[aaradhyanetralaya.in/wp-content/uploads/2020/08/logo.png]
[aaradhyanetralaya.in/wp-content/uploads/2020/11/WhatsApp-Image-2020-09-28-at-12.46.23-AM.jpg]
[aaradhyanetralaya.in/wp-content/uploads/2020/11/WhatsApp-Image-2020-09-28-at-12.46.22-AM.jpg]
[aaradhyanetralaya.in/about-us/index.html]
[aaradhyanetralaya.in/optical-services/index.html]
[aaradhyanetralaya.in/wp-content/uploads/2019/12/16.jpg]
[aaradhyanetralaya.in/our-technology/index.html]
[aaradhyanetralaya.in/best-cataract-surgeon-in-pune/index.html]
[aaradhyanetralaya.in/wp-content/uploads/2019/12/17.jpg]
[aaradhyanetralaya.in/eye-laser-treatment-in-pune/index.html]
[aaradhyanetralaya.in/wp-content/uploads/2019/12/5.jpg]
[aaradhyanetralaya.in/child-eye-specialist-in-pune/index.html]
[aaradhyanetralaya.in/wp-content/uploads/2019/12/13.jpg]
[aaradhyanetralaya.in/diabetic-retinopathy-care/index.html]
[aaradhyanetralaya.in/wp-content/uploads/2019/12/2.jpg]
[aaradhyanetralaya.in/oculoplasty-services/index.html]
[aaradhyanetralaya.in/wp-content/uploads/elementor/thumbs/sir-ohqhduea0x8va61q7olhehmxnbjypltdz10icjz5jk.jpg]
[aaradhyanetralaya.in/glaucoma-care/index.html]
[aaradhyanetralaya.in/wp-content/uploads/elementor/thumbs/Dr-Kavita-ojsh9g4mj8ko1yitvtbmtk4fi6m4lelflzv4vcoez4.jpg]
[aaradhyanetralaya.in/retina-services-and-lase/index.html]
[aaradhyanetralaya.in/keratoconus/index.html]
[aaradhyanetralaya.in/uveitis-care/index.html]
[aaradhyanetralaya.in/wp-content/uploads/2020/08/logo-300x49.png]
[aaradhyanetralaya.in/gallery/index.html]
[aaradhyanetralaya.in/wp-content/uploads/2019/12/16-300x249.jpg]
[aaradhyanetralaya.in/wp-content/uploads/2019/12/17-300x249.jpg]
[aaradhyanetralaya.in/contact-us/index.html]
[aaradhyanetralaya.in/wp-content/uploads/2019/12/5-300x251.jpg]
[aaradhyanetralaya.in/wp-content/uploads/2019/12/2-300x248.jpg]
[aaradhyanetralaya.in/wp-content/uploads/2019/12/7.jpg]
[aaradhyanetralaya.in/wp-content/uploads/2019/12/7-300x252.jpg]
[aaradhyanetralaya.in/wp-content/uploads/2019/12/15.jpg]
[aaradhyanetralaya.in/wp-content/uploads/2019/12/15-300x249.jpg]
[aaradhyanetralaya.in/wp-content/plugins/wp-contact-slider/img/cursor_close.png]
[aaradhyanetralaya.in/wp-content/plugins/wp-contact-slider/img/delete-sign.png]
[aaradhyanetralaya.in/wp-content/plugins/click-to-chat-for-whatsapp/new/inc/assets/js/app784c.js]
[aaradhyanetralaya.in/wp-content/plugins/contact-form-7/includes/js/scripts9dff.js]
[aaradhyanetralaya.in/wp-includes/js/imagesloaded.mineda1.js]
[aaradhyanetralaya.in/wp-content/themes/oceanwp/assets/js/third/magnific-popup.min3e0d.js]
[aaradhyanetralaya.in/wp-content/themes/oceanwp/assets/js/third/lightbox.min3e0d.js]
[aaradhyanetralaya.in/wp-content/themes/oceanwp/assets/js/main.min3e0d.js]
[aaradhyanetralaya.in/wp-includes/js/wp-embed.min4095.js]
[aaradhyanetralaya.in/wp-content/plugins/elementor/assets/js/webpack.runtime.mina767.js]
[aaradhyanetralaya.in/wp-content/plugins/elementor/assets/js/frontend-modules.mina767.js]
[aaradhyanetralaya.in/wp-content/plugins/elementor/assets/lib/waypoints/waypoints.min05da.js]
[aaradhyanetralaya.in/wp-includes/js/jquery/ui/position.mine899.js]
[aaradhyanetralaya.in/wp-content/plugins/elementor/assets/lib/swiper/swiper.min48f5.js]
[aaradhyanetralaya.in/wp-content/plugins/elementor/assets/lib/share-link/share-link.mina767.js]
[aaradhyanetralaya.in/wp-content/plugins/elementor/assets/lib/dialog/dialog.mind227.js]
[aaradhyanetralaya.in/wp-content/plugins/elementor/assets/js/frontend.mina767.js]
[aaradhyanetralaya.in/wp-content/plugins/elementor/assets/js/preloaded-modules.mina767.js]
[aaradhyanetralaya.in/index.html]
[aaradhyanetralaya.in/wp-content/plugins/contact-form-7/assets/ajax-loader.gif]
[aaradhyanetralaya.in/wp-content/themes/oceanwp/assets/fonts/fontawesome/webfonts/fa-brands-400.eot]
[aaradhyanetralaya.in/wp-content/cache/wpfc-minified/es87ynz5/41mpw.css]
[aaradhyanetralaya.in/wp-content/uploads/elementor/css/post-250ed9e.css]
[aaradhyanetralaya.in/wp-content/cache/wpfc-minified/lcp44wlp/41mpw.css]
[aaradhyanetralaya.in/wp-content/uploads/elementor/css/post-7ed9e.css]
[aaradhyanetralaya.in/wp-content/plugins/ocean-extra/assets/img/instagram-logo.png]
[aaradhyanetralaya.in/wp-content/cache/wpfc-minified/96qr0usd/41mpw.css]
[aaradhyanetralaya.in/wp-content/plugins/elementor/assets/lib/font-awesome/webfonts/fa-solid-900.eot]
[aaradhyanetralaya.in/wp-content/cache/wpfc-minified/2aljis0c/41mpw.css]
[aaradhyanetralaya.in/wp-includes/wlwmanifest.html]
[aaradhyanetralaya.in/wp-json/wp/v2/pages/9.json]
[aaradhyanetralaya.in/wp-json/oembed/1.0/embed9c76.json]
[aaradhyanetralaya.in/wp-json/oembed/1.0/embedf38a]
[aaradhyanetralaya.in/wp-content/uploads/2020/09/vision.jpg]
[aaradhyanetralaya.in/wp-content/uploads/2020/09/mission.jpg]
[aaradhyanetralaya.in/wp-content/uploads/2020/09/mahesh-vc.png]
[aaradhyanetralaya.in/wp-content/uploads/2020/09/Kaviata-vc.png]
[aaradhyanetralaya.in/about-us/index.html]
[aaradhyanetralaya.in/wp-content/uploads/2019/12/1-1.jpg]
[aaradhyanetralaya.in/wp-json/wp/v2/pages/11.json]
[aaradhyanetralaya.in/wp-json/oembed/1.0/embed9fe4.json]
[aaradhyanetralaya.in/wp-json/oembed/1.0/embedb02f]
[aaradhyanetralaya.in/wp-content/uploads/2019/12/2-1.jpg]
[aaradhyanetralaya.in/wp-content/uploads/2019/12/4-1.jpg]
[aaradhyanetralaya.in/wp-content/uploads/2019/12/3-1.jpg]
[aaradhyanetralaya.in/wp-content/uploads/2019/12/5-1.jpg]
[aaradhyanetralaya.in/wp-content/uploads/2019/12/6-1.jpg]
[aaradhyanetralaya.in/wp-content/uploads/2019/12/7-1.jpg]
[aaradhyanetralaya.in/wp-content/uploads/2019/12/8-1.jpg]
[aaradhyanetralaya.in/wp-content/uploads/2020/08/aa.jpg]
[aaradhyanetralaya.in/wp-content/uploads/2020/08/bb.png]
[aaradhyanetralaya.in/wp-content/uploads/2020/08/cc-150x150.png]
[aaradhyanetralaya.in/wp-content/uploads/2020/08/download.jpg]
[aaradhyanetralaya.in/wp-content/uploads/2020/08/lense-1.jpg]
[aaradhyanetralaya.in/wp-content/uploads/2020/08/lense-3.jpg]
[aaradhyanetralaya.in/wp-content/uploads/2020/08/lense-2.jpg]
[aaradhyanetralaya.in/wp-content/uploads/2020/08/lense-7.jpg]
[aaradhyanetralaya.in/wp-content/uploads/2020/08/lense-5.jpg]
[aaradhyanetralaya.in/wp-content/uploads/2020/08/lense-4.jpg]
[aaradhyanetralaya.in/wp-content/uploads/2020/08/lense-6.jpg]
[aaradhyanetralaya.in/wp-content/uploads/2019/12/9-1.jpg]
[aaradhyanetralaya.in/optical-services/index.html]
[aaradhyanetralaya.in/wp-content/uploads/2019/12/tec.jpg]
[aaradhyanetralaya.in/wp-json/wp/v2/pages/13.json]
[aaradhyanetralaya.in/wp-json/oembed/1.0/embed74dd.json]
[aaradhyanetralaya.in/wp-json/oembed/1.0/embed60ad]
[aaradhyanetralaya.in/our-technology/index.html]
[aaradhyanetralaya.in/wp-content/uploads/2019/12/Cataract-Surgery.jpg]
[aaradhyanetralaya.in/wp-json/wp/v2/pages/15.json]
[aaradhyanetralaya.in/wp-json/oembed/1.0/embedb054.json]
[aaradhyanetralaya.in/wp-json/oembed/1.0/embed84f5]
[aaradhyanetralaya.in/wp-content/uploads/2019/12/cv1-300x123.jpg]
[aaradhyanetralaya.in/wp-content/uploads/2019/12/cv2-300x123.jpg]
[aaradhyanetralaya.in/wp-content/uploads/2020/08/1d.png]
[aaradhyanetralaya.in/wp-content/uploads/2020/08/1e.png]
[aaradhyanetralaya.in/wp-content/uploads/2020/08/1g.png]
[aaradhyanetralaya.in/wp-content/uploads/2020/08/1h-221x300.png]
[aaradhyanetralaya.in/best-cataract-surgeon-in-pune/index.html]
[aaradhyanetralaya.in/wp-content/uploads/elementor/thumbs/Refractive-Services-ohpq7sdwpwd0p0q8devjfsrdmu9mfk0363n6gk5dxs.jpg]
[aaradhyanetralaya.in/wp-json/wp/v2/pages/17.json]
[aaradhyanetralaya.in/wp-json/oembed/1.0/embedc92e.json]
[aaradhyanetralaya.in/wp-json/oembed/1.0/embed393b]
[aaradhyanetralaya.in/wp-content/uploads/2019/12/Refractive-Services.jpg]
[aaradhyanetralaya.in/wp-content/uploads/2020/08/2b-300x290.png]
[aaradhyanetralaya.in/wp-content/uploads/2020/08/2c.png]
[aaradhyanetralaya.in/wp-content/uploads/2019/12/laser.jpg]
[aaradhyanetralaya.in/wp-content/uploads/2020/08/2f-less.jpg]
[aaradhyanetralaya.in/wp-content/uploads/2020/08/2e-less-300x228.jpg]
[aaradhyanetralaya.in/eye-laser-treatment-in-pune/index.html]
[aaradhyanetralaya.in/wp-content/uploads/2020/08/p1-less-300x186.jpg]
[aaradhyanetralaya.in/wp-json/wp/v2/pages/19.json]
[aaradhyanetralaya.in/wp-json/oembed/1.0/embed1d1c.json]
[aaradhyanetralaya.in/wp-json/oembed/1.0/embeda935]
[aaradhyanetralaya.in/wp-content/uploads/2019/12/p2-5-300x152.jpg]
[aaradhyanetralaya.in/wp-content/uploads/2019/12/p2-2-300x148.jpg]
[aaradhyanetralaya.in/wp-content/uploads/2020/08/3d-less.jpg]
[aaradhyanetralaya.in/wp-content/uploads/2020/08/3e-less.jpg]
[aaradhyanetralaya.in/child-eye-specialist-in-pune/index.html]
[aaradhyanetralaya.in/wp-content/uploads/2020/08/Macularoedema.jpg]
[aaradhyanetralaya.in/wp-json/wp/v2/pages/21.json]
[aaradhyanetralaya.in/wp-json/oembed/1.0/embed5da6.json]
[aaradhyanetralaya.in/wp-json/oembed/1.0/embed183b]
[aaradhyanetralaya.in/wp-content/uploads/2020/08/Proliferative.jpg]
[aaradhyanetralaya.in/wp-content/uploads/2020/08/dr1.jpg]
[aaradhyanetralaya.in/wp-content/uploads/2020/08/dr2.jpg]
[aaradhyanetralaya.in/wp-content/uploads/2020/08/dr3.jpg]
[aaradhyanetralaya.in/wp-content/uploads/2020/08/dr4.jpg]
[aaradhyanetralaya.in/wp-content/uploads/2019/12/d.jpg]
[aaradhyanetralaya.in/diabetic-retinopathy-care/index.html]
[aaradhyanetralaya.in/wp-content/uploads/2019/12/Oculoplasty-Services-768x146.jpg]
[aaradhyanetralaya.in/wp-json/wp/v2/pages/23.json]
[aaradhyanetralaya.in/wp-json/oembed/1.0/embed4208.json]
[aaradhyanetralaya.in/wp-json/oembed/1.0/embed64bf]
[aaradhyanetralaya.in/oculoplasty-services/index.html]
[aaradhyanetralaya.in/wp-content/uploads/2019/12/gc5-300x103.jpg]
[aaradhyanetralaya.in/wp-json/wp/v2/pages/25.json]
[aaradhyanetralaya.in/wp-json/oembed/1.0/embed129d.json]
[aaradhyanetralaya.in/wp-json/oembed/1.0/embedd29f]
[aaradhyanetralaya.in/wp-content/uploads/2019/12/gc4-300x134.jpg]
[aaradhyanetralaya.in/wp-content/uploads/2019/12/gc2.jpg]
[aaradhyanetralaya.in/wp-content/uploads/2019/12/gc1-300x135.jpg]
[aaradhyanetralaya.in/wp-content/uploads/2019/12/gc6-300x155.jpg]
[aaradhyanetralaya.in/wp-content/uploads/2019/12/gc3.jpg]
[aaradhyanetralaya.in/wp-content/uploads/2019/12/gc3-300x75.jpg]
[aaradhyanetralaya.in/glaucoma-care/index.html]
[aaradhyanetralaya.in/wp-content/uploads/2019/12/r1.jpg]
[aaradhyanetralaya.in/wp-json/wp/v2/pages/27.json]
[aaradhyanetralaya.in/wp-json/oembed/1.0/embed7a6a.json]
[aaradhyanetralaya.in/wp-json/oembed/1.0/embedc446]
[aaradhyanetralaya.in/wp-content/uploads/2019/12/r-300x205.jpg]
[aaradhyanetralaya.in/wp-content/uploads/2019/12/t-300x207.jpg]
[aaradhyanetralaya.in/wp-content/uploads/2019/12/x-300x205.jpg]
[aaradhyanetralaya.in/wp-content/uploads/2019/12/rvo-300x109.jpg]
[aaradhyanetralaya.in/wp-content/uploads/2019/12/ne.jpg]
[aaradhyanetralaya.in/wp-content/uploads/2019/12/m.jpg]
[aaradhyanetralaya.in/wp-content/uploads/2020/08/rs3-300x255.jpg]
[aaradhyanetralaya.in/wp-content/uploads/2020/08/rs1-300x151.jpg]
[aaradhyanetralaya.in/wp-content/uploads/2020/08/rs2.jpg]
[aaradhyanetralaya.in/wp-content/uploads/2020/08/rs4-300x169.jpg]
[aaradhyanetralaya.in/wp-content/uploads/2019/12/mh.jpg]
[aaradhyanetralaya.in/wp-content/uploads/2020/08/rs5-300x172.jpg]
[aaradhyanetralaya.in/wp-content/uploads/2019/12/r2-300x133.jpg]
[aaradhyanetralaya.in/wp-content/uploads/2020/08/rs6.jpg]
[aaradhyanetralaya.in/retina-services-and-lase/index.html]
[aaradhyanetralaya.in/wp-content/uploads/2019/12/k1-2-300x180.jpg]
[aaradhyanetralaya.in/wp-json/wp/v2/pages/29.json]
[aaradhyanetralaya.in/wp-json/oembed/1.0/embed7da1.json]
[aaradhyanetralaya.in/wp-json/oembed/1.0/embedeff6]
[aaradhyanetralaya.in/wp-content/uploads/2019/12/k1-3-240x300.jpg]
[aaradhyanetralaya.in/wp-content/uploads/2019/12/k1-1-300x180.jpg]
[aaradhyanetralaya.in/wp-content/uploads/2020/08/KERATOCONUS-300x133.jpg]
[aaradhyanetralaya.in/keratoconus/index.html]
[aaradhyanetralaya.in/wp-content/uploads/2019/12/u1-2.jpg]
[aaradhyanetralaya.in/wp-json/wp/v2/pages/31.json]
[aaradhyanetralaya.in/wp-json/oembed/1.0/embed4341.json]
[aaradhyanetralaya.in/wp-json/oembed/1.0/embeddd98]
[aaradhyanetralaya.in/wp-content/uploads/2019/12/u1-1.jpg]
[aaradhyanetralaya.in/uveitis-care/index.html]
[aaradhyanetralaya.in/wp-json/wp/v2/pages/33.json]
[aaradhyanetralaya.in/wp-json/oembed/1.0/embeda568.json]
[aaradhyanetralaya.in/wp-json/oembed/1.0/embedc42b]
[aaradhyanetralaya.in/wp-content/uploads/2019/12/1.jpg]
[aaradhyanetralaya.in/wp-content/uploads/2019/12/3.jpg]
[aaradhyanetralaya.in/wp-content/uploads/2019/12/11.jpg]
[aaradhyanetralaya.in/wp-content/uploads/2020/01/ng1.jpg]
[aaradhyanetralaya.in/wp-content/uploads/2020/01/ng2.jpg]
[aaradhyanetralaya.in/wp-content/uploads/2020/01/ng4.jpg]
[aaradhyanetralaya.in/wp-content/uploads/2020/01/ng3.jpg]
[aaradhyanetralaya.in/wp-content/uploads/2020/01/ng5.jpg]
[aaradhyanetralaya.in/wp-content/uploads/2020/01/ng6.jpg]
[aaradhyanetralaya.in/wp-content/uploads/2019/12/9.jpg]
[aaradhyanetralaya.in/wp-content/uploads/2019/12/4.jpg]
[aaradhyanetralaya.in/wp-content/uploads/2019/12/6.jpg]
[aaradhyanetralaya.in/wp-content/uploads/2019/12/8.jpg]
[aaradhyanetralaya.in/wp-content/uploads/2019/12/10.jpg]
[aaradhyanetralaya.in/wp-content/uploads/2019/12/12.jpg]
[aaradhyanetralaya.in/wp-content/uploads/2019/12/14.jpg]
[aaradhyanetralaya.in/gallery/index.html]
[aaradhyanetralaya.in/wp-json/wp/v2/pages/35.json]
[aaradhyanetralaya.in/wp-json/oembed/1.0/embed7ece.json]
[aaradhyanetralaya.in/wp-json/oembed/1.0/embedf102]
[aaradhyanetralaya.in/contact-us/index.html]
[aaradhyanetralaya.in/wp-content/cache/wpfc-minified/d5f3pik5/41mpw.css]
[aaradhyanetralaya.in/wp-content/uploads/elementor/css/post-96da3.css]
[aaradhyanetralaya.in/indexb5fb.html]
[aaradhyanetralaya.in/wp-content/uploads/elementor/css/post-110a54.css]
[aaradhyanetralaya.in/index5757.html]
[aaradhyanetralaya.in/wp-content/uploads/elementor/css/post-136daa.css]
[aaradhyanetralaya.in/index2dc4.html]
[aaradhyanetralaya.in/wp-content/uploads/elementor/css/post-15916b.css]
[aaradhyanetralaya.in/indexa1ca.html]
[aaradhyanetralaya.in/wp-content/uploads/elementor/css/post-1741a1.css]
[aaradhyanetralaya.in/indexd8eb.html]
[aaradhyanetralaya.in/wp-content/uploads/elementor/css/post-1956a8.css]
[aaradhyanetralaya.in/index5831.html]
[aaradhyanetralaya.in/wp-content/uploads/elementor/css/post-21b537.css]
[aaradhyanetralaya.in/index3965.html]
[aaradhyanetralaya.in/wp-content/uploads/elementor/css/post-234c61.css]
[aaradhyanetralaya.in/index40a0.html]
[aaradhyanetralaya.in/wp-content/uploads/elementor/css/post-25bd0a.css]
[aaradhyanetralaya.in/index970c.html]
[aaradhyanetralaya.in/wp-content/uploads/elementor/css/post-279b18.css]
[aaradhyanetralaya.in/index1c4a.html]
[aaradhyanetralaya.in/wp-content/uploads/elementor/css/post-292dd8.css]
[aaradhyanetralaya.in/index9cd7.html]
[aaradhyanetralaya.in/wp-content/uploads/elementor/css/post-316930.css]
[aaradhyanetralaya.in/indexc7e3.html]
[aaradhyanetralaya.in/wp-content/uploads/elementor/css/post-339b76.css]
[aaradhyanetralaya.in/indexdd23.html]
[aaradhyanetralaya.in/wp-content/uploads/elementor/css/post-356a70.css]
[aaradhyanetralaya.in/index5c90.html]
